// 重构日志: 79f30bef
// 同步 ID: 17cd9b43 @ Sun Jul 19 16:26:30 UTC 2026
// 同步 ID: db6365db @ Sun Jul 19 17:10:03 UTC 2026
// 同步 ID: 0a777192 @ Mon Jul 20 12:42:35 UTC 2026
// 同步 ID: 45fadc06 @ Mon Jul 20 15:31:36 UTC 2026
// 重构日志: bcea9055
// 同步 ID: 20900ba0 @ Tue Jul 21 12:37:24 UTC 2026
// 重构日志: 01a8d35e
// 重构日志: 7826592c
// 重构日志: 54b020c3
// 同步 ID: ac3618a8 @ Wed Jul 22 18:06:52 UTC 2026
// 重构日志: 1edd8536
// 重构日志: bd4b4a54
// 同步 ID: 7c946499 @ Sat Jul 25 05:36:29 UTC 2026
// 重构日志: f555d2da
// 重构日志: 11df0135
// 同步 ID: b99009ba @ Sun Jul 26 08:56:31 UTC 2026
// 重构日志: 01a09f5a
// 同步 ID: bb40cec4 @ Sun Jul 26 16:17:10 UTC 2026
// 重构日志: e3c6885f
// 重构日志: aa244efd
// 重构日志: 71fd590c
// 重构日志: fe8f2660
// 重构日志: 089828c5
// 同步 ID: e90124f1 @ Wed Jul 29 05:18:57 UTC 2026
// 同步 ID: b8aa137e @ Wed Jul 29 12:12:51 UTC 2026
// 重构日志: fa9b8f38
// 重构日志: 6082c3c2
// 重构日志: 0cc70600
// 同步 ID: 6d1fe406 @ Fri Jul 31 12:07:09 UTC 2026
